EN double_dabble NULL "C:/Users/mojos/OneDrive/Plocha/SKOLA/VUT FEKT/2. rocnik/Letny semester/DE1/Labaky/Digital-electronics-1-alkanan/Labs/project/xbeg_xhud/double_dabble.vhd" sub00/vhpl04 1588276839
AR trigger_pulse_generator behavioral "C:/Users/mojos/OneDrive/Plocha/SKOLA/VUT FEKT/2. rocnik/Letny semester/DE1/Labaky/Digital-electronics-1-alkanan/Labs/project/xbeg_xhud/trigger_pulse_generator.vhd" sub00/vhpl03 1588282511
EN pulse_to_distance NULL "C:/Users/mojos/OneDrive/Plocha/SKOLA/VUT FEKT/2. rocnik/Letny semester/DE1/Labaky/Digital-electronics-1-alkanan/Labs/project/xbeg_xhud/pulse_to_distance.vhd" sub00/vhpl06 1588282512
EN trigger_pulse_generator NULL "C:/Users/mojos/OneDrive/Plocha/SKOLA/VUT FEKT/2. rocnik/Letny semester/DE1/Labaky/Digital-electronics-1-alkanan/Labs/project/xbeg_xhud/trigger_pulse_generator.vhd" sub00/vhpl02 1588282510
AR counter behavioral "C:/Users/mojos/OneDrive/Plocha/SKOLA/VUT FEKT/2. rocnik/Letny semester/DE1/Labaky/Digital-electronics-1-alkanan/Labs/project/xbeg_xhud/counter.vhd" sub00/vhpl01 1588282509
EN counter NULL "C:/Users/mojos/OneDrive/Plocha/SKOLA/VUT FEKT/2. rocnik/Letny semester/DE1/Labaky/Digital-electronics-1-alkanan/Labs/project/xbeg_xhud/counter.vhd" sub00/vhpl00 1588282508
AR double_dabble behavioral "C:/Users/mojos/OneDrive/Plocha/SKOLA/VUT FEKT/2. rocnik/Letny semester/DE1/Labaky/Digital-electronics-1-alkanan/Labs/project/xbeg_xhud/double_dabble.vhd" sub00/vhpl05 1588276840
